<!DOCTYPE html>
<html lang="en">
<head>
    <meta charset="UTF-8">
    <meta name="viewport" content="width=device-width, initial-scale=1.0">
    <title>Golden</title>
    <link rel="preconnect" href="https://fonts.googleapis.com">
    <link rel="preconnect" href="https://fonts.gstatic.com" crossorigin>
    <link href="https://fonts.googleapis.com/css2?family=Bilbo+Swash+Caps&family=Montserrat:wght@400;700&family=Roboto&display=swap" rel="stylesheet">

    <link rel="stylesheet" href="reset.css">
    <link rel="stylesheet" href="style.css">
</head>
<body>

    <!-- header -->

    <header>
        <div class="wrap">
            <nav class="nav">
                <a href="#" class="nav-title">Golden</a>
                <ul class="navs-list">
                    <li><a href="#" class="nav-desc">Home</a></li>
                    <li><a href="#" class="nav-desc">Services</a></li>
                    <li><a href="#" class="nav-desc">Portfolio</a></li>
                    <li><a href="#" class="nav-desc">About</a></li>
                    <li><a href="#" class="nav-desc">Contact</a></li>
                </ul>
            </nav>
        </div>
    </header>

    <main>
        <div class="wrap">
            <section class="main">
                <h2 class="main-title">Services</h2>
                <ul class="main-list">
                    <li class="main-list-item">
                        <img src="./image/134.png" alt="ok" class="main-img"></img>
                        <h3 class="main-item-title">E-Commerce</h3>
                        <p class="main-item-desc">Proin iaculis purus consequat sem cure digni ssim. Donec porttitora entum suscipit aenean rhoncus posuere odio in tincidunt.</p>
                    </li>
                    <li class="main-list-item">
                        <img src="./image/132.png" alt="ok" class="main-img">
                        <h3 class="main-item-title">Responsive Web</h3>
                        <p class="main-item-desc">Proin iaculis purus consequat sem cure digni ssim. Donec porttitora entum suscipit aenean rhoncus posuere odio in tincidunt.</p>
                    </li>
                    <li class="main-list-item">
                        <img src="./image/130.png" alt="ok" class="main-img">
                        <h3 class="main-item-title">Web Security</h3>
                        <p class="main-item-desc">Proin iaculis purus consequat sem cure digni ssim. Donec porttitora entum suscipit aenean rhoncus posuere odio in tincidunt.</p>
                    </li>
                </ul>
            </section>
        </div>
    </main>

    <footer>
        <div class="wrap">
            <h2 class="footer-title">Contact us</h2>
            <form>
                    <ul class="footer-list">
                        <li class="footer-list-item3">
                            <input class="type" type="text" name="user_name" placeholder="your Name *" />
        
                            <input class="type" type="email" name="email" placeholder="your e-mail *" />
        
                            <input class="type" type="text" name="subject" placeholder="subject" />
                        </li>
                        <li class="footer-list-item">
                            <textarea class="coment" placeholder="Your message *"></textarea>
                        </li>
                    </ul>
                    <div class="btn-big">
                        <button type="submit" class="btn">Send Message</button>
                    </div>
            </form>
        </div>
    </footer>
</body>
</html>